2026-06-09 22:04:04 - POST /reindex - 200 - 26.97ms
2026-06-09 22:04:04 - GET /search/index - 200 - 6.42ms
2026-06-09 22:04:04 - GET /search/overview - 200 - 8.67ms
2026-06-09 22:04:04 - GET /search/callers - 200 - 3.58ms
2026-06-09 22:04:04 - GET /search/callees - 200 - 1.64ms
2026-06-09 22:04:04 - GET /search/function-signature - 200 - 2.55ms
2026-06-09 22:04:04 - GET /search/function-body - 200 - 2.00ms
2026-06-09 22:04:05 - GET /docs - 200 - 1.01ms
2026-06-09 22:04:15 - GET /docs - 200 - 1.09ms
2026-06-09 22:04:20 - GET /logs/stream - 200 - 1.08ms
2026-06-09 22:04:25 - GET /docs - 200 - 0.98ms
2026-06-09 22:04:35 - GET /docs - 200 - 0.39ms
2026-06-09 22:04:38 - GET /logs/stream - 200 - 0.51ms
2026-06-09 22:04:45 - GET /docs - 200 - 0.51ms
2026-06-09 22:04:55 - GET /docs - 200 - 0.71ms
2026-06-09 22:04:56 - GET /logs/stream - 200 - 0.89ms
2026-06-09 22:05:05 - GET /docs - 200 - 1.07ms
2026-06-09 22:05:14 - GET /logs/stream - 200 - 0.00ms
2026-06-09 22:05:15 - GET /docs - 200 - 0.00ms
2026-06-09 22:05:25 - GET /docs - 200 - 0.00ms
2026-06-09 22:05:32 - GET /logs/stream - 200 - 1.53ms
2026-06-09 22:05:35 - GET /docs - 200 - 1.28ms
2026-06-09 22:05:45 - GET /docs - 200 - 0.00ms
2026-06-09 22:05:50 - GET /logs/stream - 200 - 1.01ms
2026-06-09 22:05:55 - GET /docs - 200 - 1.73ms
2026-06-09 22:06:05 - GET /docs - 200 - 1.52ms
2026-06-09 22:06:08 - GET /logs/stream - 200 - 1.12ms
2026-06-09 22:06:15 - GET /docs - 200 - 0.00ms
2026-06-09 22:06:25 - GET /docs - 200 - 1.63ms
2026-06-09 22:06:26 - GET /logs/stream - 200 - 0.00ms
2026-06-09 22:06:35 - GET /docs - 200 - 1.12ms
2026-06-09 22:06:44 - GET /logs/stream - 200 - 0.00ms
2026-06-09 22:06:45 - GET /docs - 200 - 0.79ms
2026-06-09 22:06:55 - GET /docs - 200 - 0.00ms
2026-06-09 22:07:02 - GET /logs/stream - 200 - 1.42ms
2026-06-09 22:07:05 - GET /docs - 200 - 0.00ms
2026-06-09 22:07:15 - GET /docs - 200 - 1.00ms
2026-06-09 22:07:20 - GET /logs/stream - 200 - 3.06ms
2026-06-09 22:07:25 - GET /docs - 200 - 0.98ms
2026-06-09 22:07:35 - GET /docs - 200 - 2.55ms
2026-06-09 22:07:38 - GET /logs/stream - 200 - 0.00ms
2026-06-09 22:07:45 - GET /docs - 200 - 1.01ms
2026-06-09 22:07:55 - GET /docs - 200 - 0.55ms
2026-06-09 22:07:56 - GET /logs/stream - 200 - 1.55ms
2026-06-09 22:08:05 - GET /docs - 200 - 1.07ms
2026-06-09 22:08:14 - GET /logs/stream - 200 - 3.00ms
2026-06-09 22:08:15 - GET /docs - 200 - 1.00ms
2026-06-09 22:08:25 - GET /docs - 200 - 0.00ms
2026-06-09 22:08:33 - GET /logs/stream - 200 - 1.41ms
2026-06-09 22:08:35 - GET /docs - 200 - 1.02ms
2026-06-09 22:08:45 - GET /docs - 200 - 0.00ms
2026-06-09 22:08:51 - GET /logs/stream - 200 - 1.72ms
2026-06-09 22:08:55 - GET /docs - 200 - 0.00ms
2026-06-09 22:09:05 - GET /docs - 200 - 1.12ms
2026-06-09 22:09:09 - GET /logs/stream - 200 - 1.08ms
2026-06-09 22:09:15 - GET /docs - 200 - 1.00ms
2026-06-09 22:09:25 - GET /docs - 200 - 0.00ms
2026-06-09 22:09:27 - GET /logs/stream - 200 - 1.00ms
2026-06-09 22:09:35 - GET /docs - 200 - 1.11ms
2026-06-09 22:09:45 - GET /logs/stream - 200 - 2.24ms
2026-06-09 22:09:45 - GET /docs - 200 - 0.58ms
2026-06-09 22:09:55 - GET /docs - 200 - 0.00ms
2026-06-09 22:10:03 - GET /logs/stream - 200 - 1.69ms
2026-06-09 22:10:05 - GET /docs - 200 - 1.14ms
2026-06-09 22:10:15 - GET /docs - 200 - 0.00ms
2026-06-09 22:10:21 - GET /logs/stream - 200 - 0.00ms
2026-06-09 22:10:25 - GET /docs - 200 - 3.40ms
2026-06-09 22:10:35 - GET /docs - 200 - 0.00ms
2026-06-09 22:10:39 - GET /logs/stream - 200 - 3.88ms
2026-06-09 22:10:45 - GET /docs - 200 - 0.00ms
2026-06-09 22:10:55 - GET /docs - 200 - 2.74ms
2026-06-09 22:10:57 - GET /logs/stream - 200 - 1.65ms
2026-06-09 22:11:05 - GET /docs - 200 - 0.00ms
2026-06-09 22:11:15 - GET /logs/stream - 200 - 0.00ms
2026-06-09 22:11:15 - GET /docs - 200 - 1.12ms
2026-06-09 22:11:25 - GET /docs - 200 - 0.00ms
2026-06-09 22:11:33 - GET /logs/stream - 200 - 2.04ms
2026-06-09 22:11:35 - GET /docs - 200 - 0.00ms
2026-06-09 22:11:45 - GET /docs - 200 - 0.00ms
2026-06-09 22:11:51 - GET /logs/stream - 200 - 1.57ms
2026-06-09 22:11:55 - GET /docs - 200 - 2.50ms
2026-06-09 22:12:05 - GET /docs - 200 - 1.28ms
2026-06-09 22:12:09 - GET /logs/stream - 200 - 0.00ms
2026-06-09 22:12:15 - GET /docs - 200 - 0.00ms
2026-06-09 22:12:25 - GET /docs - 200 - 1.63ms
2026-06-09 22:12:27 - GET /logs/stream - 200 - 1.75ms
2026-06-09 22:12:35 - GET /docs - 200 - 0.00ms
2026-06-09 22:12:45 - GET /docs - 200 - 0.33ms
2026-06-09 22:12:45 - GET /logs/stream - 200 - 2.11ms
2026-06-09 22:12:55 - GET /docs - 200 - 6.18ms
2026-06-09 22:13:03 - GET /logs/stream - 200 - 3.86ms
2026-06-09 22:13:05 - GET /docs - 200 - 0.00ms
2026-06-09 22:13:15 - GET /docs - 200 - 0.00ms
2026-06-09 22:13:21 - GET /logs/stream - 200 - 1.10ms
2026-06-09 22:13:25 - GET /docs - 200 - 0.00ms
2026-06-09 22:13:35 - GET /docs - 200 - 1.00ms
2026-06-09 22:13:39 - GET /logs/stream - 200 - 0.88ms
2026-06-09 22:13:45 - GET /docs - 200 - 1.00ms
2026-06-09 22:13:55 - GET /docs - 200 - 0.00ms
2026-06-09 22:13:57 - GET /logs/stream - 200 - 0.76ms
2026-06-09 22:14:05 - GET /docs - 200 - 1.11ms
2026-06-09 22:14:15 - GET /docs - 200 - 0.00ms
2026-06-09 22:14:16 - GET /logs/stream - 200 - 2.14ms
2026-06-09 22:14:25 - GET /docs - 200 - 2.04ms
2026-06-09 22:14:34 - GET /logs/stream - 200 - 2.31ms
2026-06-09 22:14:35 - GET /docs - 200 - 0.00ms
2026-06-09 22:14:45 - GET /docs - 200 - 0.00ms
2026-06-09 22:14:52 - GET /logs/stream - 200 - 0.86ms
2026-06-09 22:14:55 - GET /docs - 200 - 0.73ms
2026-06-09 22:15:05 - GET /docs - 200 - 0.00ms
2026-06-09 22:15:10 - GET /logs/stream - 200 - 2.02ms
2026-06-09 22:15:15 - GET /docs - 200 - 0.00ms
2026-06-09 22:15:25 - GET /docs - 200 - 0.00ms
2026-06-09 22:15:28 - GET /logs/stream - 200 - 1.01ms
2026-06-09 22:15:35 - GET /docs - 200 - 0.00ms
2026-06-09 22:15:45 - GET /docs - 200 - 1.10ms
2026-06-09 22:15:46 - GET /logs/stream - 200 - 1.99ms
2026-06-09 22:15:55 - GET /docs - 200 - 0.00ms
2026-06-09 22:16:04 - GET /logs/stream - 200 - 0.00ms
2026-06-09 22:16:05 - GET /docs - 200 - 1.00ms
2026-06-09 22:16:15 - GET /docs - 200 - 3.37ms
2026-06-09 22:16:22 - GET /logs/stream - 200 - 2.71ms
2026-06-09 22:16:25 - GET /docs - 200 - 1.62ms
2026-06-09 22:16:35 - GET /docs - 200 - 0.00ms
2026-06-09 22:16:40 - GET /logs/stream - 200 - 1.83ms
2026-06-09 22:16:45 - GET /docs - 200 - 0.99ms
2026-06-09 22:16:55 - GET /docs - 200 - 0.00ms
2026-06-09 22:16:58 - GET /logs/stream - 200 - 0.97ms
2026-06-09 22:17:06 - GET /docs - 200 - 0.00ms
2026-06-09 22:17:15 - GET /docs - 200 - 0.72ms
2026-06-09 22:17:16 - GET /logs/stream - 200 - 3.18ms
2026-06-09 22:17:25 - GET /docs - 200 - 0.00ms
2026-06-09 22:17:34 - GET /logs/stream - 200 - 1.12ms
2026-06-09 22:17:35 - GET /docs - 200 - 0.00ms
2026-06-09 22:17:45 - GET /docs - 200 - 1.12ms
2026-06-09 22:17:52 - GET /logs/stream - 200 - 1.90ms
2026-06-09 22:17:55 - GET /docs - 200 - 2.07ms
2026-06-09 22:18:05 - GET /docs - 200 - 0.00ms
2026-06-09 22:18:10 - GET /logs/stream - 200 - 2.66ms
2026-06-09 22:18:15 - GET /docs - 200 - 1.02ms
2026-06-09 22:18:25 - GET /docs - 200 - 0.00ms
2026-06-09 22:18:28 - GET /logs/stream - 200 - 1.51ms
2026-06-09 22:18:35 - GET /docs - 200 - 0.00ms
2026-06-09 22:18:45 - GET /docs - 200 - 0.00ms
2026-06-09 22:18:46 - GET /logs/stream - 200 - 0.00ms
2026-06-09 22:18:55 - GET /docs - 200 - 0.99ms
2026-06-09 22:19:04 - GET /logs/stream - 200 - 2.16ms
2026-06-09 22:19:05 - GET /docs - 200 - 0.00ms
2026-06-09 22:19:15 - GET /docs - 200 - 1.01ms
2026-06-09 22:19:22 - GET /logs/stream - 200 - 2.60ms
2026-06-09 22:19:25 - GET /docs - 200 - 0.00ms
2026-06-09 22:19:35 - GET /docs - 200 - 0.00ms
2026-06-09 22:19:40 - GET /logs/stream - 200 - 3.15ms
2026-06-09 22:19:45 - GET /docs - 200 - 1.00ms
2026-06-09 22:19:55 - GET /docs - 200 - 1.10ms
2026-06-09 22:19:58 - GET /logs/stream - 200 - 2.25ms
2026-06-09 22:20:05 - GET /docs - 200 - 0.99ms
2026-06-09 22:20:15 - GET /docs - 200 - 1.11ms
2026-06-09 22:20:17 - GET /logs/stream - 200 - 2.74ms
2026-06-09 22:20:25 - GET /docs - 200 - 0.00ms
2026-06-09 22:20:35 - GET /logs/stream - 200 - 1.00ms
2026-06-09 22:20:35 - GET /docs - 200 - 1.01ms
2026-06-09 22:20:45 - GET /docs - 200 - 1.11ms
2026-06-09 22:20:53 - GET /logs/stream - 200 - 2.53ms
2026-06-09 22:20:55 - GET /docs - 200 - 2.69ms
2026-06-09 22:21:05 - GET /docs - 200 - 1.00ms
2026-06-09 22:21:11 - GET /logs/stream - 200 - 2.10ms
2026-06-09 22:21:15 - GET /docs - 200 - 1.37ms
2026-06-09 22:21:25 - GET /docs - 200 - 0.00ms
2026-06-09 22:21:29 - GET /logs/stream - 200 - 1.01ms
2026-06-09 22:21:35 - GET /docs - 200 - 0.00ms
2026-06-09 22:21:45 - GET /docs - 200 - 1.02ms
2026-06-09 22:21:47 - GET /logs/stream - 200 - 0.00ms
2026-06-09 22:21:55 - GET /docs - 200 - 1.25ms
2026-06-09 22:22:05 - GET /logs/stream - 200 - 1.56ms
2026-06-09 22:22:05 - GET /docs - 200 - 1.00ms
2026-06-09 22:22:15 - GET /docs - 200 - 1.08ms
2026-06-09 22:22:23 - GET /logs/stream - 200 - 1.60ms
2026-06-09 22:22:25 - GET /docs - 200 - 0.00ms
2026-06-09 22:22:35 - GET /docs - 200 - 3.60ms
2026-06-09 22:22:41 - GET /logs/stream - 200 - 1.73ms
2026-06-09 22:22:45 - GET /docs - 200 - 1.04ms
2026-06-09 22:22:55 - GET /docs - 200 - 0.00ms
2026-06-09 22:22:59 - GET /logs/stream - 200 - 1.02ms
2026-06-09 22:23:05 - GET /docs - 200 - 1.03ms
2026-06-09 22:23:15 - GET /docs - 200 - 1.01ms
2026-06-09 22:23:17 - GET /logs/stream - 200 - 0.99ms
2026-06-09 22:23:25 - GET /docs - 200 - 1.12ms
2026-06-09 22:23:35 - GET /logs/stream - 200 - 1.71ms
2026-06-09 22:23:35 - GET /docs - 200 - 0.00ms
2026-06-09 22:23:45 - GET /docs - 200 - 0.00ms
2026-06-09 22:23:53 - GET /logs/stream - 200 - 1.82ms
2026-06-09 22:23:55 - GET /docs - 200 - 0.00ms
2026-06-09 22:24:05 - GET /docs - 200 - 0.00ms
2026-06-09 22:24:11 - GET /logs/stream - 200 - 1.62ms
2026-06-09 22:24:15 - GET /docs - 200 - 0.00ms
2026-06-09 22:24:25 - GET /docs - 200 - 1.28ms
2026-06-09 22:24:29 - GET /logs/stream - 200 - 2.02ms
2026-06-09 22:24:35 - GET /docs - 200 - 0.00ms
2026-06-09 22:24:45 - GET /docs - 200 - 1.01ms
2026-06-09 22:24:47 - GET /logs/stream - 200 - 1.00ms
2026-06-09 22:24:55 - GET /docs - 200 - 1.02ms
2026-06-09 22:25:05 - GET /docs - 200 - 0.43ms
2026-06-09 22:25:05 - GET /logs/stream - 200 - 1.22ms
2026-06-09 22:25:15 - GET /docs - 200 - 1.02ms
2026-06-09 22:25:23 - GET /logs/stream - 200 - 1.08ms
2026-06-09 22:25:25 - GET /docs - 200 - 1.02ms
2026-06-09 22:25:35 - GET /docs - 200 - 1.03ms
2026-06-09 22:25:41 - GET /logs/stream - 200 - 1.04ms
2026-06-09 22:25:45 - GET /docs - 200 - 0.00ms
2026-06-09 22:25:55 - GET /docs - 200 - 0.00ms
2026-06-09 22:25:59 - GET /logs/stream - 200 - 1.68ms
2026-06-09 22:26:05 - GET /docs - 200 - 0.00ms
2026-06-09 22:26:15 - GET /docs - 200 - 1.00ms
2026-06-09 22:26:17 - GET /logs/stream - 200 - 0.00ms
2026-06-09 22:26:25 - GET /docs - 200 - 0.99ms
2026-06-09 22:26:35 - GET /docs - 200 - 0.00ms
2026-06-09 22:26:35 - GET /logs/stream - 200 - 1.01ms
2026-06-09 22:26:45 - GET /docs - 200 - 1.00ms
2026-06-09 22:26:53 - GET /logs/stream - 200 - 2.05ms
2026-06-09 22:26:55 - GET /docs - 200 - 0.00ms
2026-06-09 22:27:05 - GET /docs - 200 - 0.00ms
2026-06-09 22:27:12 - GET /logs/stream - 200 - 1.04ms
2026-06-09 22:27:15 - GET /docs - 200 - 1.10ms
2026-06-09 22:27:25 - GET /docs - 200 - 0.51ms
2026-06-09 22:27:30 - GET /logs/stream - 200 - 0.78ms
2026-06-09 22:27:35 - GET /docs - 200 - 2.09ms
2026-06-09 22:27:45 - GET /docs - 200 - 1.03ms
2026-06-09 22:27:48 - GET /logs/stream - 200 - 2.64ms
2026-06-09 22:27:55 - GET /docs - 200 - 1.04ms
2026-06-09 22:28:05 - GET /docs - 200 - 2.62ms
2026-06-09 22:28:06 - GET /logs/stream - 200 - 1.63ms
2026-06-09 22:28:15 - GET /docs - 200 - 1.85ms
2026-06-09 22:28:24 - GET /logs/stream - 200 - 2.80ms
2026-06-09 22:28:25 - GET /docs - 200 - 0.00ms
2026-06-09 22:28:35 - GET /docs - 200 - 0.51ms
2026-06-09 22:28:42 - GET /logs/stream - 200 - 0.00ms
2026-06-09 22:28:45 - GET /docs - 200 - 0.00ms
2026-06-09 22:28:55 - GET /docs - 200 - 0.00ms
2026-06-09 22:29:00 - GET /logs/stream - 200 - 0.00ms
2026-06-09 22:29:05 - GET /docs - 200 - 0.00ms
2026-06-09 22:29:15 - GET /docs - 200 - 0.60ms
2026-06-09 22:29:18 - GET /logs/stream - 200 - 0.00ms
2026-06-09 22:29:25 - GET /docs - 200 - 0.00ms
2026-06-09 22:29:35 - GET /docs - 200 - 0.00ms
2026-06-09 22:29:36 - GET /logs/stream - 200 - 1.00ms
2026-06-09 22:29:45 - GET /docs - 200 - 0.00ms
2026-06-09 22:29:54 - GET /logs/stream - 200 - 0.61ms
2026-06-09 22:29:55 - GET /docs - 200 - 2.07ms
2026-06-09 22:30:05 - GET /docs - 200 - 0.00ms
2026-06-09 22:30:12 - GET /logs/stream - 200 - 2.67ms
2026-06-09 22:30:15 - GET /docs - 200 - 0.00ms
2026-06-09 22:30:25 - GET /docs - 200 - 0.00ms
2026-06-09 22:30:30 - GET /logs/stream - 200 - 4.08ms
2026-06-09 22:30:35 - GET /docs - 200 - 0.00ms
2026-06-09 22:30:45 - GET /docs - 200 - 0.00ms
2026-06-09 22:30:48 - GET /logs/stream - 200 - 0.00ms
2026-06-09 22:30:55 - GET /docs - 200 - 1.76ms
2026-06-09 22:31:05 - GET /docs - 200 - 1.03ms
2026-06-09 22:31:06 - GET /logs/stream - 200 - 1.11ms
2026-06-09 22:31:15 - GET /docs - 200 - 2.08ms
2026-06-09 22:31:32 - GET / - 200 - 0.63ms
2026-06-09 22:31:33 - GET /docs - 200 - 0.54ms
2026-06-09 22:31:33 - GET /.well-known/appspecific/com.chrome.devtools.json - 404 - 1.60ms
2026-06-09 22:31:33 - GET /favicon.ico - 404 - 0.00ms
2026-06-09 22:31:43 - GET /docs - 200 - 1.12ms
2026-06-09 22:31:43 - POST /reindex/stream - 200 - 0.62ms
2026-06-09 22:31:43 - GET /logs/stream - 200 - 1.33ms
2026-06-09 22:31:53 - GET /docs - 200 - 0.00ms
2026-06-09 22:31:55 - GET /search/overview - 200 - 79.86ms
2026-06-09 22:32:03 - GET /docs - 200 - 0.00ms
2026-06-09 22:32:04 - GET /logs/stream - 200 - 0.00ms
2026-06-09 22:32:13 - GET /docs - 200 - 0.00ms
2026-06-09 22:32:23 - GET /docs - 200 - 1.61ms
2026-06-09 22:32:33 - GET /docs - 200 - 0.00ms
2026-06-09 22:32:43 - GET /docs - 200 - 1.09ms
2026-06-09 22:32:53 - GET /docs - 200 - 0.00ms
2026-06-09 22:33:03 - GET /docs - 200 - 2.02ms
2026-06-09 22:33:13 - GET /docs - 200 - 2.91ms
2026-06-09 22:33:23 - GET /docs - 200 - 0.00ms
2026-06-09 22:33:33 - GET /docs - 200 - 0.00ms
2026-06-09 22:33:43 - GET /docs - 200 - 1.10ms
2026-06-09 22:33:53 - GET /docs - 200 - 0.96ms
2026-06-09 22:34:03 - GET /docs - 200 - 0.00ms
2026-06-09 22:34:13 - GET /docs - 200 - 0.00ms
2026-06-09 22:34:23 - GET /docs - 200 - 6.36ms
2026-06-09 22:34:33 - GET /docs - 200 - 0.00ms
2026-06-09 22:34:43 - GET /docs - 200 - 4.99ms
2026-06-09 22:34:53 - GET /docs - 200 - 0.00ms
2026-06-09 22:35:03 - GET /docs - 200 - 4.28ms
2026-06-09 22:35:13 - GET /docs - 200 - 0.00ms
2026-06-09 22:35:23 - GET /docs - 200 - 0.00ms
2026-06-09 22:35:33 - GET /docs - 200 - 0.00ms
2026-06-09 22:35:43 - GET /docs - 200 - 0.00ms
2026-06-09 22:35:53 - GET /docs - 200 - 2.03ms
2026-06-09 22:36:03 - GET /docs - 200 - 0.60ms
2026-06-09 22:36:13 - GET /docs - 200 - 0.00ms
2026-06-09 22:36:23 - GET /docs - 200 - 0.00ms
2026-06-09 22:36:33 - GET /docs - 200 - 0.00ms
2026-06-09 22:36:43 - GET /docs - 200 - 0.00ms
2026-06-09 22:36:53 - GET /docs - 200 - 0.00ms
2026-06-09 22:37:03 - GET /docs - 200 - 0.00ms
2026-06-09 22:37:13 - GET /docs - 200 - 0.00ms
2026-06-09 22:37:23 - GET /docs - 200 - 0.00ms
2026-06-09 22:37:33 - GET /docs - 200 - 0.00ms
2026-06-09 22:37:43 - GET /docs - 200 - 0.00ms
2026-06-09 22:37:53 - GET /docs - 200 - 0.00ms
2026-06-09 22:38:03 - GET /docs - 200 - 0.78ms
2026-06-09 22:38:13 - GET /docs - 200 - 2.13ms
2026-06-09 22:38:23 - GET /docs - 200 - 0.59ms
2026-06-09 22:38:33 - GET /docs - 200 - 0.58ms
2026-06-09 22:38:43 - GET /docs - 200 - 0.00ms
2026-06-09 22:38:53 - GET /docs - 200 - 0.59ms
2026-06-09 22:39:03 - GET /docs - 200 - 0.51ms
2026-06-09 22:39:13 - GET /docs - 200 - 0.00ms
2026-06-09 22:39:23 - GET /docs - 200 - 0.62ms
2026-06-09 22:39:33 - GET /docs - 200 - 0.00ms
2026-06-09 22:39:43 - GET /docs - 200 - 0.00ms
2026-06-09 22:40:29 - GET / - 200 - 2.52ms
2026-06-09 22:40:29 - GET /static.js - 404 - 1.08ms
2026-06-09 22:40:30 - GET /.well-known/appspecific/com.chrome.devtools.json - 404 - 2.77ms
2026-06-09 22:40:30 - GET /favicon.ico - 404 - 0.00ms
2026-06-09 22:44:00 - GET / - 200 - 3.55ms
2026-06-09 22:44:01 - GET /static.js - 404 - 0.00ms
2026-06-09 22:44:01 - GET /.well-known/appspecific/com.chrome.devtools.json - 404 - 0.00ms
2026-06-09 22:44:01 - GET /favicon.ico - 404 - 1.01ms
2026-06-09 22:44:47 - GET / - 200 - 1.01ms
2026-06-09 22:44:48 - GET /docs - 200 - 0.00ms
2026-06-09 22:44:48 - GET /.well-known/appspecific/com.chrome.devtools.json - 404 - 0.00ms
2026-06-09 22:44:48 - GET /favicon.ico - 404 - 2.01ms
2026-06-09 22:44:59 - GET /docs - 200 - 5.86ms
2026-06-09 22:45:09 - GET /docs - 200 - 0.00ms
2026-06-09 22:45:19 - GET /docs - 200 - 0.00ms
2026-06-09 22:45:29 - GET /docs - 200 - 0.00ms
2026-06-09 22:45:39 - GET /docs - 200 - 1.02ms
2026-06-09 22:45:49 - GET /docs - 200 - 0.00ms
2026-06-09 22:45:59 - GET /docs - 200 - 1.59ms
2026-06-09 22:46:54 - GET / - 200 - 3.39ms
2026-06-09 22:46:54 - GET /static.js - 404 - 0.00ms
2026-06-09 22:46:55 - GET /.well-known/appspecific/com.chrome.devtools.json - 404 - 0.00ms
2026-06-09 22:46:55 - GET /favicon.ico - 404 - 0.99ms
2026-06-09 22:49:14 - GET / - 200 - 0.00ms
2026-06-09 22:49:14 - GET /static.js - 404 - 1.03ms
2026-06-09 22:49:15 - GET /.well-known/appspecific/com.chrome.devtools.json - 404 - 1.00ms
2026-06-09 22:49:15 - GET /favicon.ico - 404 - 0.00ms
2026-06-09 22:50:46 - GET / - 200 - 0.00ms
2026-06-09 22:50:47 - GET /static/static.js - 200 - 239.61ms
2026-06-09 22:50:47 - GET /favicon.ico - 404 - 1.00ms
2026-06-09 22:50:47 - GET /docs - 200 - 3.52ms
2026-06-09 22:50:47 - GET /.well-known/appspecific/com.chrome.devtools.json - 404 - 0.59ms
2026-06-09 22:50:57 - GET /docs - 200 - 1.10ms
2026-06-09 22:50:59 - OPTIONS /reindex/stream - 200 - 1.31ms
2026-06-09 22:50:59 - GET /logs/stream - 200 - 1.70ms
2026-06-09 22:50:59 - POST /reindex/stream - 200 - 3.52ms
2026-06-09 22:51:07 - GET /docs - 200 - 0.59ms
2026-06-09 22:51:17 - GET /docs - 200 - 0.53ms
2026-06-09 22:51:20 - GET /logs/stream - 200 - 1.14ms
2026-06-09 22:51:27 - GET /docs - 200 - 0.00ms
2026-06-09 22:51:37 - GET /docs - 200 - 0.00ms
2026-06-09 22:51:47 - GET /docs - 200 - 0.00ms
2026-06-09 22:51:57 - GET /docs - 200 - 0.00ms
2026-06-09 22:52:07 - GET /docs - 200 - 0.00ms
2026-06-09 22:52:17 - GET /docs - 200 - 1.09ms
2026-06-09 22:52:20 - OPTIONS /search/callers - 200 - 1.42ms
2026-06-09 22:52:20 - GET /search/callers - 200 - 25.83ms
2026-06-09 22:52:27 - GET /docs - 200 - 0.00ms
2026-06-09 22:52:33 - OPTIONS /search/callees - 200 - 0.00ms
2026-06-09 22:52:33 - GET /search/callees - 200 - 14.60ms
2026-06-09 22:52:37 - GET /docs - 200 - 0.00ms
2026-06-09 22:52:47 - GET /docs - 200 - 1.07ms
2026-06-09 22:52:57 - GET /docs - 200 - 2.40ms
2026-06-09 22:53:07 - GET /docs - 200 - 0.00ms
2026-06-09 22:53:17 - GET /docs - 200 - 2.51ms
2026-06-09 22:53:27 - GET /docs - 200 - 2.02ms
2026-06-09 22:53:37 - GET /docs - 200 - 0.00ms
2026-06-09 22:53:47 - GET /docs - 200 - 0.49ms
2026-06-09 22:53:57 - GET /docs - 200 - 0.00ms
2026-06-09 22:54:07 - GET /docs - 200 - 3.12ms
2026-06-09 22:54:17 - GET /docs - 200 - 0.00ms
2026-06-09 22:54:27 - GET /docs - 200 - 1.52ms
2026-06-09 22:54:37 - GET /docs - 200 - 0.00ms
2026-06-09 22:54:47 - GET /docs - 200 - 0.00ms
2026-06-09 22:54:57 - GET /docs - 200 - 0.90ms
2026-06-09 22:55:07 - GET /docs - 200 - 2.60ms
2026-06-09 22:55:17 - GET /docs - 200 - 0.00ms
2026-06-09 22:55:27 - GET /docs - 200 - 2.25ms
2026-06-09 22:55:30 - OPTIONS /search/index - 200 - 0.45ms
2026-06-09 22:55:30 - GET /search/index - 200 - 19.07ms
2026-06-09 22:55:31 - GET /search/index - 200 - 15.52ms
2026-06-09 22:55:32 - GET /search/index - 200 - 16.42ms
2026-06-09 22:55:33 - GET /search/index - 200 - 10.74ms
2026-06-09 22:55:37 - GET /docs - 200 - 0.00ms
2026-06-09 22:55:37 - OPTIONS /search/overview - 200 - 0.00ms
2026-06-09 22:55:37 - GET /search/overview - 200 - 75.61ms
2026-06-09 22:55:47 - GET /docs - 200 - 0.00ms
2026-06-09 22:55:57 - GET /docs - 200 - 0.00ms
2026-06-09 22:56:07 - GET /docs - 200 - 1.52ms
2026-06-09 22:56:17 - GET /docs - 200 - 0.00ms
2026-06-09 22:56:27 - GET /docs - 200 - 0.00ms
2026-06-09 22:56:37 - GET /docs - 200 - 1.13ms
2026-06-09 22:56:47 - GET /docs - 200 - 0.00ms
2026-06-09 22:56:57 - GET /docs - 200 - 0.00ms
2026-06-09 22:57:07 - GET /docs - 200 - 0.96ms
2026-06-09 22:57:17 - GET /docs - 200 - 0.00ms
2026-06-09 22:57:27 - GET /docs - 200 - 0.35ms
2026-06-09 22:57:37 - GET /docs - 200 - 1.01ms
2026-06-09 22:57:47 - GET /docs - 200 - 0.00ms
2026-06-09 22:57:57 - GET /docs - 200 - 0.00ms
2026-06-09 22:58:07 - GET /docs - 200 - 2.15ms
2026-06-09 22:58:17 - GET /docs - 200 - 0.56ms
2026-06-09 22:58:27 - GET /docs - 200 - 1.42ms
2026-06-09 22:58:37 - GET /docs - 200 - 0.60ms
2026-06-09 22:58:47 - GET /docs - 200 - 0.00ms
2026-06-09 22:58:57 - GET /docs - 200 - 0.00ms
2026-06-09 22:59:07 - GET /docs - 200 - 1.01ms
2026-06-09 22:59:17 - GET /docs - 200 - 0.72ms
2026-06-09 22:59:27 - GET /docs - 200 - 0.81ms
2026-06-09 22:59:37 - GET /docs - 200 - 0.00ms
2026-06-09 22:59:47 - GET /docs - 200 - 0.51ms
2026-06-09 22:59:57 - GET /docs - 200 - 1.00ms
2026-06-09 23:00:07 - GET /docs - 200 - 1.02ms
2026-06-09 23:00:17 - GET /docs - 200 - 1.15ms
2026-06-09 23:00:27 - GET /docs - 200 - 0.00ms
2026-06-09 23:00:37 - GET /docs - 200 - 0.51ms
2026-06-09 23:00:47 - GET /docs - 200 - 1.30ms
2026-06-09 23:00:57 - GET /docs - 200 - 0.00ms
2026-06-09 23:01:07 - GET /docs - 200 - 0.00ms
2026-06-09 23:01:17 - GET /docs - 200 - 0.52ms
2026-06-09 23:01:27 - GET /docs - 200 - 0.00ms
2026-06-09 23:01:37 - GET /docs - 200 - 2.52ms
2026-06-09 23:01:47 - GET /docs - 200 - 0.00ms
2026-06-09 23:01:57 - GET /docs - 200 - 0.00ms
2026-06-09 23:02:07 - GET /docs - 200 - 2.61ms
2026-06-09 23:02:17 - GET /docs - 200 - 0.00ms
2026-06-09 23:02:27 - GET /docs - 200 - 0.84ms
2026-06-09 23:02:37 - GET /docs - 200 - 2.03ms
2026-06-09 23:02:47 - GET /docs - 200 - 0.00ms
2026-06-09 23:02:57 - GET /docs - 200 - 0.00ms
2026-06-09 23:03:07 - GET /docs - 200 - 0.00ms
2026-06-09 23:03:17 - GET /docs - 200 - 2.05ms
2026-06-09 23:03:27 - GET /docs - 200 - 0.00ms
2026-06-09 23:03:37 - GET /docs - 200 - 0.00ms
2026-06-09 23:03:47 - GET /docs - 200 - 0.00ms
2026-06-09 23:03:57 - GET /docs - 200 - 2.74ms
2026-06-09 23:04:07 - GET /docs - 200 - 0.00ms
2026-06-09 23:04:17 - GET /docs - 200 - 6.08ms
2026-06-09 23:04:27 - GET /docs - 200 - 0.00ms
2026-06-09 23:04:37 - GET /docs - 200 - 0.00ms
2026-06-09 23:04:47 - GET /docs - 200 - 1.00ms
2026-06-09 23:04:57 - GET /docs - 200 - 0.00ms
2026-06-09 23:05:07 - GET /docs - 200 - 0.00ms
